[template.hasthemes.com/nutras/nutras/index.html]
[backblue.gif]
[fade.gif]
[index.html]
[template.hasthemes.com/nutras/nutras/assets/images/favicon.ico]
[template.hasthemes.com/nutras/nutras/assets/css/vendor/plugins.min.css]
[template.hasthemes.com/nutras/nutras/assets/css/style.min.css]
[template.hasthemes.com/nutras/nutras/assets/images/logo.png]
[template.hasthemes.com/nutras/nutras/about.html]
[template.hasthemes.com/nutras/nutras/courses.html]
[template.hasthemes.com/nutras/nutras/my-courses.html]
[template.hasthemes.com/nutras/nutras/courses-details-left-sidebar.html]
[template.hasthemes.com/nutras/nutras/courses-details-right-sidebar.html]
[template.hasthemes.com/nutras/nutras/after-enroll.html]
[template.hasthemes.com/nutras/nutras/overview.html]
[template.hasthemes.com/nutras/nutras/courses-admin.html]
[template.hasthemes.com/nutras/nutras/students.html]
[template.hasthemes.com/nutras/nutras/reviews.html]
[template.hasthemes.com/nutras/nutras/engagement.html]
[template.hasthemes.com/nutras/nutras/traffic-conversion.html]
[template.hasthemes.com/nutras/nutras/messages.html]
[template.hasthemes.com/nutras/nutras/register.html]
[template.hasthemes.com/nutras/nutras/login.html]
[template.hasthemes.com/nutras/nutras/faq.html]
[template.hasthemes.com/nutras/nutras/404-error.html]
[template.hasthemes.com/nutras/nutras/blog-grid.html]
[template.hasthemes.com/nutras/nutras/blog-left-sidebar.html]
[template.hasthemes.com/nutras/nutras/blog-right-sidebar.html]
[template.hasthemes.com/nutras/nutras/blog-details-left-sidebar.html]
[template.hasthemes.com/nutras/nutras/blog-details-right-sidebar.html]
[template.hasthemes.com/nutras/nutras/contact.html]
[template.hasthemes.com/nutras/nutras/assets/images/slider/slider-1.jpg]
[template.hasthemes.com/nutras/nutras/assets/images/slider/slider-2.jpg]
[template.hasthemes.com/nutras/nutras/assets/images/slider/slider-3.jpg]
[template.hasthemes.com/nutras/nutras/assets/images/shape/shape-2.png]
[template.hasthemes.com/nutras/nutras/assets/images/about.jpg]
[template.hasthemes.com/nutras/nutras/assets/images/shape/shape-1.png]
[template.hasthemes.com/nutras/nutras/assets/images/courses/courses-1.jpg]
[template.hasthemes.com/nutras/nutras/assets/images/courses/courses-2.jpg]
[template.hasthemes.com/nutras/nutras/assets/images/courses/courses-3.jpg]
[template.hasthemes.com/nutras/nutras/assets/images/courses/courses-4.jpg]
[template.hasthemes.com/nutras/nutras/assets/images/courses/courses-5.jpg]
[template.hasthemes.com/nutras/nutras/assets/images/courses/courses-6.jpg]
[template.hasthemes.com/nutras/nutras/assets/images/shape/shape-5.png]
[template.hasthemes.com/nutras/nutras/assets/images/shape/shape-6.png]
[template.hasthemes.com/nutras/nutras/assets/images/author/author-01.jpg]
[template.hasthemes.com/nutras/nutras/assets/images/author/author-02.jpg]
[template.hasthemes.com/nutras/nutras/assets/images/author/author-03.jpg]
[template.hasthemes.com/nutras/nutras/assets/images/shape/shape-12.png]
[template.hasthemes.com/nutras/nutras/assets/images/brand/brand-1-1.png]
[template.hasthemes.com/nutras/nutras/assets/images/brand/brand-2-1.png]
[template.hasthemes.com/nutras/nutras/assets/images/brand/brand-1-2.png]
[template.hasthemes.com/nutras/nutras/assets/images/brand/brand-2-2.png]
[template.hasthemes.com/nutras/nutras/assets/images/brand/brand-1-3.png]
[template.hasthemes.com/nutras/nutras/assets/images/brand/brand-2-3.png]
[template.hasthemes.com/nutras/nutras/assets/images/brand/brand-1-4.png]
[template.hasthemes.com/nutras/nutras/assets/images/brand/brand-2-4.png]
[template.hasthemes.com/nutras/nutras/assets/images/brand/brand-1-5.png]
[template.hasthemes.com/nutras/nutras/assets/images/brand/brand-2-5.png]
[template.hasthemes.com/nutras/nutras/assets/images/shape/shape-7.png]
[template.hasthemes.com/nutras/nutras/assets/images/shape/shape-8.png]
[template.hasthemes.com/nutras/nutras/assets/images/play-store.jpg]
[template.hasthemes.com/nutras/nutras/assets/images/app-store.jpg]
[template.hasthemes.com/nutras/nutras/assets/images/shape/shape-9.png]
[template.hasthemes.com/nutras/nutras/assets/js/vendor/modernizr-3.11.2.min.js]
[template.hasthemes.com/nutras/nutras/assets/js/vendor/jquery-3.5.1.min.js]
[template.hasthemes.com/nutras/nutras/assets/js/plugins.min.js]
[template.hasthemes.com/nutras/nutras/index.html]
[template.hasthemes.com/nutras/nutras/assets/js/main.js]
[template.hasthemes.com/nutras/nutras/assets/fonts/icofont.woff2]
[template.hasthemes.com/nutras/nutras/assets/fonts/icofont.woff]
[template.hasthemes.com/nutras/nutras/assets/fonts/fontawesome-webfont3e6e.eot]
[template.hasthemes.com/nutras/nutras/assets/fonts/fontawesome-webfont3e6e.woff2]
[template.hasthemes.com/nutras/nutras/assets/fonts/fontawesome-webfontd41d.eot]
[template.hasthemes.com/nutras/nutras/assets/fonts/fontawesome-webfont3e6e.woff]
[template.hasthemes.com/nutras/nutras/assets/fonts/fontawesome-webfont3e6e.ttf]
[template.hasthemes.com/nutras/nutras/assets/fonts/flaticonb467.ttf]
[template.hasthemes.com/nutras/nutras/assets/fonts/flaticonb467.woff]
[template.hasthemes.com/nutras/nutras/assets/fonts/fontawesome-webfont3e6e.svg]
[template.hasthemes.com/nutras/nutras/assets/fonts/flaticonb467.woff2]
[template.hasthemes.com/nutras/nutras/assets/fonts/flaticonb467.eot]
[template.hasthemes.com/nutras/nutras/assets/css/vendor/plugins.min.css]
[template.hasthemes.com/nutras/nutras/assets/fonts/flaticonb467.svg]
[template.hasthemes.com/nutras/nutras/assets/fonts/Gordita-Light.eot]
[template.hasthemes.com/nutras/nutras/assets/fonts/Gordita-Lightd41d.eot]
[template.hasthemes.com/nutras/nutras/assets/fonts/Gordita-Light.woff2]
[template.hasthemes.com/nutras/nutras/assets/fonts/Gordita-Light.woff]
[template.hasthemes.com/nutras/nutras/assets/fonts/Gordita-Light.ttf]
[template.hasthemes.com/nutras/nutras/assets/fonts/Gordita-Regular.eot]
[template.hasthemes.com/nutras/nutras/assets/fonts/Gordita-Regular.woff2]
[template.hasthemes.com/nutras/nutras/assets/fonts/Gordita-Regulard41d.eot]
[template.hasthemes.com/nutras/nutras/assets/fonts/Gordita-Regular.woff]
[template.hasthemes.com/nutras/nutras/assets/fonts/Gordita-Regular.ttf]
[template.hasthemes.com/nutras/nutras/assets/fonts/Gordita-Medium.eot]
[template.hasthemes.com/nutras/nutras/assets/fonts/Gordita-Medium.woff2]
[template.hasthemes.com/nutras/nutras/assets/fonts/Gordita-Mediumd41d.eot]
[template.hasthemes.com/nutras/nutras/assets/fonts/Gordita-Medium.woff]
[template.hasthemes.com/nutras/nutras/assets/fonts/Gordita-Medium.ttf]
[template.hasthemes.com/nutras/nutras/assets/fonts/Gordita-Bold.eot]
[template.hasthemes.com/nutras/nutras/assets/fonts/Gordita-Bold.woff2]
[template.hasthemes.com/nutras/nutras/assets/fonts/Gordita-Boldd41d.eot]
[template.hasthemes.com/nutras/nutras/assets/fonts/Gordita-Bold.woff]
[template.hasthemes.com/nutras/nutras/assets/fonts/Gordita-Bold.ttf]
[template.hasthemes.com/nutras/nutras/assets/images/shape/shape-3.png]
[template.hasthemes.com/nutras/nutras/assets/images/shape/shape-4.png]
[template.hasthemes.com/nutras/nutras/assets/images/shape/shape-18.png]
[template.hasthemes.com/nutras/nutras/assets/css/style.min.css]
[template.hasthemes.com/nutras/nutras/assets/images/page-banner.jpg]
[template.hasthemes.com/nutras/nutras/assets/images/instructor/instructor-01.jpg]
[template.hasthemes.com/nutras/nutras/assets/images/instructor/instructor-02.jpg]
[template.hasthemes.com/nutras/nutras/assets/images/instructor/instructor-03.jpg]
[template.hasthemes.com/nutras/nutras/about.html]
[template.hasthemes.com/nutras/nutras/assets/images/courses/courses-7.jpg]
[template.hasthemes.com/nutras/nutras/assets/images/courses/courses-8.jpg]
[template.hasthemes.com/nutras/nutras/assets/images/courses/courses-9.jpg]
[template.hasthemes.com/nutras/nutras/courses.html]
[template.hasthemes.com/nutras/nutras/my-courses.html]
[template.hasthemes.com/nutras/nutras/assets/images/courses/courses-details.jpg]
[template.hasthemes.com/nutras/nutras/assets/images/author/author-04.jpg]
[template.hasthemes.com/nutras/nutras/assets/images/author/author-06.jpg]
[template.hasthemes.com/nutras/nutras/assets/images/author/author-07.jpg]
[template.hasthemes.com/nutras/nutras/courses-details-left-sidebar.html]
[template.hasthemes.com/nutras/nutras/courses-details-right-sidebar.html]
[template.hasthemes.com/nutras/nutras/assets/images/logo-icon.png]
[template.hasthemes.com/nutras/nutras/assets/images/text-logo.png]
[template.hasthemes.com/nutras/nutras/after-enroll.html]
[template.hasthemes.com/nutras/nutras/assets/images/menu-icon/icon-1.png]
[template.hasthemes.com/nutras/nutras/assets/images/menu-icon/icon-2.png]
[template.hasthemes.com/nutras/nutras/assets/images/menu-icon/icon-3.png]
[template.hasthemes.com/nutras/nutras/assets/images/menu-icon/icon-4.png]
[template.hasthemes.com/nutras/nutras/assets/images/menu-icon/icon-5.png]
[template.hasthemes.com/nutras/nutras/assets/images/menu-icon/icon-6.png]
[template.hasthemes.com/nutras/nutras/assets/images/courses/admin-courses-01.jpg]
[template.hasthemes.com/nutras/nutras/assets/images/resources-icon/icon-1-1.png]
[template.hasthemes.com/nutras/nutras/assets/images/resources-icon/icon-2-1.png]
[template.hasthemes.com/nutras/nutras/assets/images/resources-icon/icon-1-2.png]
[template.hasthemes.com/nutras/nutras/assets/images/resources-icon/icon-2-2.png]
[template.hasthemes.com/nutras/nutras/assets/images/resources-icon/icon-1-3.png]
[template.hasthemes.com/nutras/nutras/assets/images/resources-icon/icon-2-3.png]
[template.hasthemes.com/nutras/nutras/assets/images/resources-icon/icon-1-4.png]
[template.hasthemes.com/nutras/nutras/assets/images/resources-icon/icon-2-4.png]
[template.hasthemes.com/nutras/nutras/assets/images/resources-icon/icon-1-5.png]
[template.hasthemes.com/nutras/nutras/assets/images/resources-icon/icon-2-5.png]
[template.hasthemes.com/nutras/nutras/assets/images/resources-icon/icon-1-6.png]
[template.hasthemes.com/nutras/nutras/assets/images/resources-icon/icon-2-6.png]
[template.hasthemes.com/nutras/nutras/courses-admin.html]
[template.hasthemes.com/nutras/nutras/overview.html]
[template.hasthemes.com/nutras/nutras/assets/js/overview.js]
[template.hasthemes.com/nutras/nutras/assets/js/plugins/apexcharts.min.js]
[template.hasthemes.com/nutras/nutras/assets/images/flag/flag-1.png]
[template.hasthemes.com/nutras/nutras/assets/images/author/author-08.jpg]
[template.hasthemes.com/nutras/nutras/assets/images/author/author-09.jpg]
[template.hasthemes.com/nutras/nutras/assets/images/flag/flag-2.png]
[template.hasthemes.com/nutras/nutras/assets/images/flag/flag-3.png]
[template.hasthemes.com/nutras/nutras/assets/images/flag/flag-4.png]
[template.hasthemes.com/nutras/nutras/assets/images/flag/flag-5.png]
[template.hasthemes.com/nutras/nutras/assets/images/flag/flag-6.png]
[template.hasthemes.com/nutras/nutras/assets/images/new-courses-banner.jpg]
[template.hasthemes.com/nutras/nutras/assets/js/plugins/jquery.vmap.min.js]
[template.hasthemes.com/nutras/nutras/assets/js/plugins/jquery.vmap.world.js]
[template.hasthemes.com/nutras/nutras/assets/js/plugins/jquery.vmap.sampledata.js]
[template.hasthemes.com/nutras/nutras/students.html]
[template.hasthemes.com/nutras/nutras/assets/js/student-map.js]
[template.hasthemes.com/nutras/nutras/assets/images/author/author-12.jpg]
[template.hasthemes.com/nutras/nutras/assets/images/author/author-13.jpg]
[template.hasthemes.com/nutras/nutras/assets/images/author/author-14.jpg]
[template.hasthemes.com/nutras/nutras/assets/images/author/author-15.jpg]
[template.hasthemes.com/nutras/nutras/reviews.html]
[template.hasthemes.com/nutras/nutras/assets/images/icon/icon-1.png]
[template.hasthemes.com/nutras/nutras/assets/images/icon/icon-2.png]
[template.hasthemes.com/nutras/nutras/engagement.html]
[template.hasthemes.com/nutras/nutras/traffic-conversion.html]
[template.hasthemes.com/nutras/nutras/assets/js/engagement.js]
[template.hasthemes.com/nutras/nutras/assets/images/author/author-16.jpg]
[template.hasthemes.com/nutras/nutras/messages.html]
[template.hasthemes.com/nutras/nutras/register.html]
[template.hasthemes.com/nutras/nutras/login.html]
[template.hasthemes.com/nutras/nutras/faq.html]
[template.hasthemes.com/nutras/nutras/assets/images/shape/shape-10.png]
[template.hasthemes.com/nutras/nutras/assets/images/error.png]
[template.hasthemes.com/nutras/nutras/404-error.html]
[template.hasthemes.com/nutras/nutras/blog-grid.html]
[template.hasthemes.com/nutras/nutras/assets/images/blog/blog-02.jpg]
[template.hasthemes.com/nutras/nutras/assets/images/blog/blog-03.jpg]
[template.hasthemes.com/nutras/nutras/assets/images/blog/blog-04.jpg]
[template.hasthemes.com/nutras/nutras/assets/images/blog/blog-05.jpg]
[template.hasthemes.com/nutras/nutras/blog-left-sidebar.html]
[template.hasthemes.com/nutras/nutras/blog-right-sidebar.html]
[template.hasthemes.com/nutras/nutras/assets/images/blog/blog-details.jpg]
[template.hasthemes.com/nutras/nutras/assets/images/blog/dec-img1.jpg]
[template.hasthemes.com/nutras/nutras/assets/images/blog/dec-img2.jpg]
[template.hasthemes.com/nutras/nutras/blog-details-left-sidebar.html]
[template.hasthemes.com/nutras/nutras/blog-details-right-sidebar.html]
[template.hasthemes.com/nutras/nutras/assets/images/shape/shape-11.png]
[template.hasthemes.com/nutras/nutras/contact.html]
[template.hasthemes.com/nutras/nutras/assets/fonts/fontawesome-webfont3e6e.svg]
[template.hasthemes.com/nutras/nutras/assets/fonts/flaticonb467.svg]
[template.hasthemes.com/nutras/nutras/assets/images/shape/shape-18.html]
